Loaded config from: /Users/eoghancollins/Tarskii/gilgamesh/artifacts/current_cap_repeat_3seed/configs/syn_4p5_total_50_seed41.json
=== gilgamesh Training ===
Mode:           physics
Learning rate:  0.001
Epochs:         10
Batch size:     128
Timesteps:      10
Hidden size:    12
Beta:           0.9
Seed:           41
Slope:          25

Loading MNIST dataset...
Loaded 60000 training samples, 10000 test samples
Image size: 6x6 = 36 features

Using Physics mode: tau_m=0.0040s, dt=0.0010s, tau_pulse=5.0000e-4s, v_peak=4.42V
Current caps:   enabled (I_syn_max=4.50uA, I_total_max=50.00uA, syn_scale=1.500, total_cap_units=11.11)
Network architecture:
  Input:  36
  Hidden: 12 (LIF, physics mode)
  Output: 10 (LIF, physics mode)
  Total parameters: 552

LR schedule:    cosine annealing (0.001000 -> 0.000010)
Grad clipping:  max_norm=1.0
Weight decay:   0.01 (AdamW)
Training...
------------------------------------------------------------
Epoch   1 | Loss: 1.4647 | Train Acc: 49.73% | Test Acc: 74.63% | LR: 0.000976
Epoch   2 | Loss: 0.6890 | Train Acc: 78.19% | Test Acc: 81.04% | LR: 0.000905
Epoch   3 | Loss: 0.5881 | Train Acc: 81.44% | Test Acc: 83.06% | LR: 0.000796
Epoch   4 | Loss: 0.5388 | Train Acc: 83.21% | Test Acc: 84.43% | LR: 0.000658
Epoch   5 | Loss: 0.5117 | Train Acc: 83.89% | Test Acc: 85.24% | LR: 0.000505
Epoch   6 | Loss: 0.4964 | Train Acc: 84.46% | Test Acc: 85.45% | LR: 0.000352
Epoch   7 | Loss: 0.4874 | Train Acc: 84.64% | Test Acc: 85.71% | LR: 0.000214
Epoch   8 | Loss: 0.4820 | Train Acc: 84.90% | Test Acc: 85.88% | LR: 0.000105
Epoch   9 | Loss: 0.4797 | Train Acc: 84.97% | Test Acc: 85.72% | LR: 0.000034
Epoch  10 | Loss: 0.4791 | Train Acc: 84.95% | Test Acc: 85.73% | LR: 0.000010
------------------------------------------------------------

=== Training Complete ===
Best Test Accuracy: 85.88%
Final Test Accuracy: 85.73%
