Loaded config from: /Users/eoghancollins/Tarskii/gilgamesh/artifacts/current_cap_repeat_3seed/configs/syn_4p5_total_50_seed42.json
=== gilgamesh Training ===
Mode:           physics
Learning rate:  0.001
Epochs:         10
Batch size:     128
Timesteps:      10
Hidden size:    12
Beta:           0.9
Seed:           42
Slope:          25

Loading MNIST dataset...
Loaded 60000 training samples, 10000 test samples
Image size: 6x6 = 36 features

Using Physics mode: tau_m=0.0040s, dt=0.0010s, tau_pulse=5.0000e-4s, v_peak=4.42V
Current caps:   enabled (I_syn_max=4.50uA, I_total_max=50.00uA, syn_scale=1.500, total_cap_units=11.11)
Network architecture:
  Input:  36
  Hidden: 12 (LIF, physics mode)
  Output: 10 (LIF, physics mode)
  Total parameters: 552

LR schedule:    cosine annealing (0.001000 -> 0.000010)
Grad clipping:  max_norm=1.0
Weight decay:   0.01 (AdamW)
Training...
------------------------------------------------------------
Epoch   1 | Loss: 1.5236 | Train Acc: 47.73% | Test Acc: 75.16% | LR: 0.000976
Epoch   2 | Loss: 0.6542 | Train Acc: 78.88% | Test Acc: 81.49% | LR: 0.000905
Epoch   3 | Loss: 0.5615 | Train Acc: 81.84% | Test Acc: 83.34% | LR: 0.000796
Epoch   4 | Loss: 0.5237 | Train Acc: 83.24% | Test Acc: 84.27% | LR: 0.000658
Epoch   5 | Loss: 0.5003 | Train Acc: 84.15% | Test Acc: 84.71% | LR: 0.000505
Epoch   6 | Loss: 0.4870 | Train Acc: 84.51% | Test Acc: 84.93% | LR: 0.000352
Epoch   7 | Loss: 0.4787 | Train Acc: 84.81% | Test Acc: 85.17% | LR: 0.000214
Epoch   8 | Loss: 0.4751 | Train Acc: 84.86% | Test Acc: 85.30% | LR: 0.000105
Epoch   9 | Loss: 0.4737 | Train Acc: 84.89% | Test Acc: 85.37% | LR: 0.000034
Epoch  10 | Loss: 0.4730 | Train Acc: 84.90% | Test Acc: 85.30% | LR: 0.000010
------------------------------------------------------------

=== Training Complete ===
Best Test Accuracy: 85.37%
Final Test Accuracy: 85.30%
