Loaded config from: /Users/eoghancollins/Tarskii/gilgamesh/artifacts/current_cap_repeat_3seed/configs/syn_4p5_total_50_seed43.json
=== gilgamesh Training ===
Mode:           physics
Learning rate:  0.001
Epochs:         10
Batch size:     128
Timesteps:      10
Hidden size:    12
Beta:           0.9
Seed:           43
Slope:          25

Loading MNIST dataset...
Loaded 60000 training samples, 10000 test samples
Image size: 6x6 = 36 features

Using Physics mode: tau_m=0.0040s, dt=0.0010s, tau_pulse=5.0000e-4s, v_peak=4.42V
Current caps:   enabled (I_syn_max=4.50uA, I_total_max=50.00uA, syn_scale=1.500, total_cap_units=11.11)
Network architecture:
  Input:  36
  Hidden: 12 (LIF, physics mode)
  Output: 10 (LIF, physics mode)
  Total parameters: 552

LR schedule:    cosine annealing (0.001000 -> 0.000010)
Grad clipping:  max_norm=1.0
Weight decay:   0.01 (AdamW)
Training...
------------------------------------------------------------
Epoch   1 | Loss: 1.6076 | Train Acc: 43.79% | Test Acc: 73.44% | LR: 0.000976
Epoch   2 | Loss: 0.6973 | Train Acc: 77.42% | Test Acc: 80.70% | LR: 0.000905
Epoch   3 | Loss: 0.5936 | Train Acc: 81.19% | Test Acc: 82.82% | LR: 0.000796
Epoch   4 | Loss: 0.5529 | Train Acc: 82.67% | Test Acc: 83.48% | LR: 0.000658
Epoch   5 | Loss: 0.5314 | Train Acc: 83.08% | Test Acc: 84.41% | LR: 0.000505
Epoch   6 | Loss: 0.5180 | Train Acc: 83.64% | Test Acc: 85.00% | LR: 0.000352
Epoch   7 | Loss: 0.5085 | Train Acc: 83.93% | Test Acc: 85.18% | LR: 0.000214
Epoch   8 | Loss: 0.5043 | Train Acc: 84.03% | Test Acc: 84.98% | LR: 0.000105
Epoch   9 | Loss: 0.5019 | Train Acc: 84.10% | Test Acc: 84.99% | LR: 0.000034
Epoch  10 | Loss: 0.5008 | Train Acc: 84.13% | Test Acc: 85.02% | LR: 0.000010
------------------------------------------------------------

=== Training Complete ===
Best Test Accuracy: 85.18%
Final Test Accuracy: 85.02%
