Loaded config from: /Users/eoghancollins/Tarskii/gilgamesh/artifacts/current_cap_repeat_3seed/configs/syn_1p0_total_50_seed43.json
=== gilgamesh Training ===
Mode:           physics
Learning rate:  0.001
Epochs:         10
Batch size:     128
Timesteps:      10
Hidden size:    12
Beta:           0.9
Seed:           43
Slope:          25

Loading MNIST dataset...
Loaded 60000 training samples, 10000 test samples
Image size: 6x6 = 36 features

Using Physics mode: tau_m=0.0040s, dt=0.0010s, tau_pulse=5.0000e-4s, v_peak=4.42V
Current caps:   enabled (I_syn_max=1.00uA, I_total_max=50.00uA, syn_scale=0.333, total_cap_units=50.00)
Network architecture:
  Input:  36
  Hidden: 12 (LIF, physics mode)
  Output: 10 (LIF, physics mode)
  Total parameters: 552

LR schedule:    cosine annealing (0.001000 -> 0.000010)
Grad clipping:  max_norm=1.0
Weight decay:   0.01 (AdamW)
Training...
------------------------------------------------------------
Epoch   1 | Loss: 2.2691 | Train Acc: 13.21% | Test Acc: 29.70% | LR: 0.000976
Epoch   2 | Loss: 1.6553 | Train Acc: 46.71% | Test Acc: 61.66% | LR: 0.000905
Epoch   3 | Loss: 1.1097 | Train Acc: 65.03% | Test Acc: 68.38% | LR: 0.000796
Epoch   4 | Loss: 0.9542 | Train Acc: 69.45% | Test Acc: 71.78% | LR: 0.000658
Epoch   5 | Loss: 0.8769 | Train Acc: 72.06% | Test Acc: 72.63% | LR: 0.000505
Epoch   6 | Loss: 0.8355 | Train Acc: 73.30% | Test Acc: 73.83% | LR: 0.000352
Epoch   7 | Loss: 0.8128 | Train Acc: 73.96% | Test Acc: 74.02% | LR: 0.000214
Epoch   8 | Loss: 0.8016 | Train Acc: 74.18% | Test Acc: 74.31% | LR: 0.000105
Epoch   9 | Loss: 0.7968 | Train Acc: 74.40% | Test Acc: 74.28% | LR: 0.000034
Epoch  10 | Loss: 0.7947 | Train Acc: 74.46% | Test Acc: 74.28% | LR: 0.000010
------------------------------------------------------------

=== Training Complete ===
Best Test Accuracy: 74.31%
Final Test Accuracy: 74.28%
