Loaded config from: /Users/eoghancollins/Tarskii/gilgamesh/artifacts/current_cap_repeat_3seed/configs/syn_6p0_total_100_seed43.json
=== gilgamesh Training ===
Mode:           physics
Learning rate:  0.001
Epochs:         10
Batch size:     128
Timesteps:      10
Hidden size:    12
Beta:           0.9
Seed:           43
Slope:          25

Loading MNIST dataset...
Loaded 60000 training samples, 10000 test samples
Image size: 6x6 = 36 features

Using Physics mode: tau_m=0.0040s, dt=0.0010s, tau_pulse=5.0000e-4s, v_peak=4.42V
Current caps:   enabled (I_syn_max=6.00uA, I_total_max=100.00uA, syn_scale=2.000, total_cap_units=16.67)
Network architecture:
  Input:  36
  Hidden: 12 (LIF, physics mode)
  Output: 10 (LIF, physics mode)
  Total parameters: 552

LR schedule:    cosine annealing (0.001000 -> 0.000010)
Grad clipping:  max_norm=1.0
Weight decay:   0.01 (AdamW)
Training...
------------------------------------------------------------
Epoch   1 | Loss: 1.4053 | Train Acc: 52.05% | Test Acc: 76.30% | LR: 0.000976
Epoch   2 | Loss: 0.6337 | Train Acc: 79.68% | Test Acc: 82.42% | LR: 0.000905
Epoch   3 | Loss: 0.5546 | Train Acc: 82.28% | Test Acc: 83.11% | LR: 0.000796
Epoch   4 | Loss: 0.5229 | Train Acc: 83.24% | Test Acc: 84.56% | LR: 0.000658
Epoch   5 | Loss: 0.4955 | Train Acc: 84.32% | Test Acc: 85.28% | LR: 0.000505
Epoch   6 | Loss: 0.4799 | Train Acc: 84.82% | Test Acc: 85.52% | LR: 0.000352
Epoch   7 | Loss: 0.4718 | Train Acc: 85.11% | Test Acc: 85.72% | LR: 0.000214
Epoch   8 | Loss: 0.4674 | Train Acc: 85.25% | Test Acc: 85.56% | LR: 0.000105
Epoch   9 | Loss: 0.4644 | Train Acc: 85.38% | Test Acc: 85.65% | LR: 0.000034
Epoch  10 | Loss: 0.4643 | Train Acc: 85.37% | Test Acc: 85.80% | LR: 0.000010
------------------------------------------------------------

=== Training Complete ===
Best Test Accuracy: 85.80%
Final Test Accuracy: 85.80%
