Loaded config from: /Users/eoghancollins/Tarskii/gilgamesh/artifacts/current_cap_repeat_3seed/configs/syn_3p0_total_50_seed43.json
=== gilgamesh Training ===
Mode:           physics
Learning rate:  0.001
Epochs:         10
Batch size:     128
Timesteps:      10
Hidden size:    12
Beta:           0.9
Seed:           43
Slope:          25

Loading MNIST dataset...
Loaded 60000 training samples, 10000 test samples
Image size: 6x6 = 36 features

Using Physics mode: tau_m=0.0040s, dt=0.0010s, tau_pulse=5.0000e-4s, v_peak=4.42V
Current caps:   enabled (I_syn_max=3.00uA, I_total_max=50.00uA, syn_scale=1.000, total_cap_units=16.67)
Network architecture:
  Input:  36
  Hidden: 12 (LIF, physics mode)
  Output: 10 (LIF, physics mode)
  Total parameters: 552

LR schedule:    cosine annealing (0.001000 -> 0.000010)
Grad clipping:  max_norm=1.0
Weight decay:   0.01 (AdamW)
Training...
------------------------------------------------------------
Epoch   1 | Loss: 1.7384 | Train Acc: 38.64% | Test Acc: 68.45% | LR: 0.000976
Epoch   2 | Loss: 0.7999 | Train Acc: 74.11% | Test Acc: 78.40% | LR: 0.000905
Epoch   3 | Loss: 0.6580 | Train Acc: 78.88% | Test Acc: 80.35% | LR: 0.000796
Epoch   4 | Loss: 0.6014 | Train Acc: 80.84% | Test Acc: 82.26% | LR: 0.000658
Epoch   5 | Loss: 0.5744 | Train Acc: 81.71% | Test Acc: 83.02% | LR: 0.000505
Epoch   6 | Loss: 0.5556 | Train Acc: 82.43% | Test Acc: 83.36% | LR: 0.000352
Epoch   7 | Loss: 0.5458 | Train Acc: 82.72% | Test Acc: 83.40% | LR: 0.000214
Epoch   8 | Loss: 0.5416 | Train Acc: 82.88% | Test Acc: 83.70% | LR: 0.000105
Epoch   9 | Loss: 0.5377 | Train Acc: 83.01% | Test Acc: 83.49% | LR: 0.000034
Epoch  10 | Loss: 0.5371 | Train Acc: 82.98% | Test Acc: 83.59% | LR: 0.000010
------------------------------------------------------------

=== Training Complete ===
Best Test Accuracy: 83.70%
Final Test Accuracy: 83.59%
