Loaded config from: /Users/eoghancollins/Tarskii/gilgamesh/artifacts/current_cap_repeat_3seed/configs/syn_1p0_total_50_seed41.json
=== gilgamesh Training ===
Mode:           physics
Learning rate:  0.001
Epochs:         10
Batch size:     128
Timesteps:      10
Hidden size:    12
Beta:           0.9
Seed:           41
Slope:          25

Loading MNIST dataset...
Loaded 60000 training samples, 10000 test samples
Image size: 6x6 = 36 features

Using Physics mode: tau_m=0.0040s, dt=0.0010s, tau_pulse=5.0000e-4s, v_peak=4.42V
Current caps:   enabled (I_syn_max=1.00uA, I_total_max=50.00uA, syn_scale=0.333, total_cap_units=50.00)
Network architecture:
  Input:  36
  Hidden: 12 (LIF, physics mode)
  Output: 10 (LIF, physics mode)
  Total parameters: 552

LR schedule:    cosine annealing (0.001000 -> 0.000010)
Grad clipping:  max_norm=1.0
Weight decay:   0.01 (AdamW)
Training...
------------------------------------------------------------
Epoch   1 | Loss: 2.2640 | Train Acc: 13.21% | Test Acc: 23.33% | LR: 0.000976
Epoch   2 | Loss: 1.8332 | Train Acc: 39.53% | Test Acc: 56.16% | LR: 0.000905
Epoch   3 | Loss: 1.2340 | Train Acc: 62.18% | Test Acc: 65.86% | LR: 0.000796
Epoch   4 | Loss: 1.0195 | Train Acc: 68.07% | Test Acc: 70.02% | LR: 0.000658
Epoch   5 | Loss: 0.9247 | Train Acc: 70.76% | Test Acc: 71.62% | LR: 0.000505
Epoch   6 | Loss: 0.8703 | Train Acc: 72.42% | Test Acc: 72.98% | LR: 0.000352
Epoch   7 | Loss: 0.8408 | Train Acc: 73.58% | Test Acc: 73.45% | LR: 0.000214
Epoch   8 | Loss: 0.8252 | Train Acc: 74.05% | Test Acc: 73.97% | LR: 0.000105
Epoch   9 | Loss: 0.8196 | Train Acc: 74.27% | Test Acc: 73.85% | LR: 0.000034
Epoch  10 | Loss: 0.8174 | Train Acc: 74.32% | Test Acc: 73.97% | LR: 0.000010
------------------------------------------------------------

=== Training Complete ===
Best Test Accuracy: 73.97%
Final Test Accuracy: 73.97%
