Loaded config from: /Users/eoghancollins/Tarskii/gilgamesh/artifacts/current_cap_repeat_3seed/configs/syn_6p0_total_100_seed41.json
=== gilgamesh Training ===
Mode:           physics
Learning rate:  0.001
Epochs:         10
Batch size:     128
Timesteps:      10
Hidden size:    12
Beta:           0.9
Seed:           41
Slope:          25

Loading MNIST dataset...
Loaded 60000 training samples, 10000 test samples
Image size: 6x6 = 36 features

Using Physics mode: tau_m=0.0040s, dt=0.0010s, tau_pulse=5.0000e-4s, v_peak=4.42V
Current caps:   enabled (I_syn_max=6.00uA, I_total_max=100.00uA, syn_scale=2.000, total_cap_units=16.67)
Network architecture:
  Input:  36
  Hidden: 12 (LIF, physics mode)
  Output: 10 (LIF, physics mode)
  Total parameters: 552

LR schedule:    cosine annealing (0.001000 -> 0.000010)
Grad clipping:  max_norm=1.0
Weight decay:   0.01 (AdamW)
Training...
------------------------------------------------------------
Epoch   1 | Loss: 1.3444 | Train Acc: 53.66% | Test Acc: 76.81% | LR: 0.000976
Epoch   2 | Loss: 0.6362 | Train Acc: 79.58% | Test Acc: 82.33% | LR: 0.000905
Epoch   3 | Loss: 0.5406 | Train Acc: 82.88% | Test Acc: 84.55% | LR: 0.000796
Epoch   4 | Loss: 0.4980 | Train Acc: 84.19% | Test Acc: 85.47% | LR: 0.000658
Epoch   5 | Loss: 0.4775 | Train Acc: 84.88% | Test Acc: 85.92% | LR: 0.000505
Epoch   6 | Loss: 0.4627 | Train Acc: 85.25% | Test Acc: 86.63% | LR: 0.000352
Epoch   7 | Loss: 0.4553 | Train Acc: 85.47% | Test Acc: 86.66% | LR: 0.000214
Epoch   8 | Loss: 0.4514 | Train Acc: 85.63% | Test Acc: 86.86% | LR: 0.000105
Epoch   9 | Loss: 0.4491 | Train Acc: 85.74% | Test Acc: 86.97% | LR: 0.000034
Epoch  10 | Loss: 0.4481 | Train Acc: 85.74% | Test Acc: 87.00% | LR: 0.000010
------------------------------------------------------------

=== Training Complete ===
Best Test Accuracy: 87.00%
Final Test Accuracy: 87.00%
