Loaded config from: /Users/eoghancollins/Tarskii/gilgamesh/artifacts/current_cap_sweep_10ep/configs/nocap_reference.json
=== gilgamesh Training ===
Mode:           physics
Learning rate:  0.001
Epochs:         10
Batch size:     128
Timesteps:      10
Hidden size:    12
Beta:           0.9
Seed:           42
Slope:          25

Loading MNIST dataset...
Loaded 60000 training samples, 10000 test samples
Image size: 6x6 = 36 features

Using Physics mode: tau_m=0.0040s, dt=0.0010s, tau_pulse=5.0000e-4s, v_peak=4.42V
Network architecture:
  Input:  36
  Hidden: 12 (LIF, physics mode)
  Output: 10 (LIF, physics mode)
  Total parameters: 552

LR schedule:    cosine annealing (0.001000 -> 0.000010)
Grad clipping:  max_norm=1.0
Weight decay:   0.01 (AdamW)
Training...
------------------------------------------------------------
Epoch   1 | Loss: 1.7805 | Train Acc: 37.39% | Test Acc: 68.19% | LR: 0.000976
Epoch   2 | Loss: 0.7855 | Train Acc: 74.48% | Test Acc: 78.68% | LR: 0.000905
Epoch   3 | Loss: 0.6334 | Train Acc: 79.71% | Test Acc: 81.00% | LR: 0.000796
Epoch   4 | Loss: 0.5832 | Train Acc: 81.25% | Test Acc: 82.71% | LR: 0.000658
Epoch   5 | Loss: 0.5582 | Train Acc: 82.15% | Test Acc: 83.28% | LR: 0.000505
Epoch   6 | Loss: 0.5433 | Train Acc: 82.72% | Test Acc: 83.30% | LR: 0.000352
Epoch   7 | Loss: 0.5349 | Train Acc: 82.84% | Test Acc: 83.40% | LR: 0.000214
Epoch   8 | Loss: 0.5303 | Train Acc: 82.97% | Test Acc: 83.63% | LR: 0.000105
Epoch   9 | Loss: 0.5283 | Train Acc: 83.11% | Test Acc: 83.56% | LR: 0.000034
Epoch  10 | Loss: 0.5272 | Train Acc: 83.16% | Test Acc: 83.60% | LR: 0.000010
------------------------------------------------------------

=== Training Complete ===
Best Test Accuracy: 83.63%
Final Test Accuracy: 83.60%
