Loaded config from: /Users/eoghancollins/Tarskii/gilgamesh/artifacts/current_cap_sweep_10ep/configs/syn_1p0_total_50.json
=== gilgamesh Training ===
Mode:           physics
Learning rate:  0.001
Epochs:         10
Batch size:     128
Timesteps:      10
Hidden size:    12
Beta:           0.9
Seed:           42
Slope:          25

Loading MNIST dataset...
Loaded 60000 training samples, 10000 test samples
Image size: 6x6 = 36 features

Using Physics mode: tau_m=0.0040s, dt=0.0010s, tau_pulse=5.0000e-4s, v_peak=4.42V
Current caps:   enabled (I_syn_max=1.00uA, I_total_max=50.00uA, syn_scale=0.333, total_cap_units=50.00)
Network architecture:
  Input:  36
  Hidden: 12 (LIF, physics mode)
  Output: 10 (LIF, physics mode)
  Total parameters: 552

LR schedule:    cosine annealing (0.001000 -> 0.000010)
Grad clipping:  max_norm=1.0
Weight decay:   0.01 (AdamW)
Training...
------------------------------------------------------------
Epoch   1 | Loss: 2.2704 | Train Acc: 13.19% | Test Acc: 26.36% | LR: 0.000976
Epoch   2 | Loss: 1.8778 | Train Acc: 35.07% | Test Acc: 46.92% | LR: 0.000905
Epoch   3 | Loss: 1.2548 | Train Acc: 58.99% | Test Acc: 66.59% | LR: 0.000796
Epoch   4 | Loss: 0.9926 | Train Acc: 68.03% | Test Acc: 70.44% | LR: 0.000658
Epoch   5 | Loss: 0.8980 | Train Acc: 70.72% | Test Acc: 72.38% | LR: 0.000505
Epoch   6 | Loss: 0.8477 | Train Acc: 72.54% | Test Acc: 72.95% | LR: 0.000352
Epoch   7 | Loss: 0.8225 | Train Acc: 73.24% | Test Acc: 73.38% | LR: 0.000214
Epoch   8 | Loss: 0.8070 | Train Acc: 73.89% | Test Acc: 73.74% | LR: 0.000105
Epoch   9 | Loss: 0.8002 | Train Acc: 74.12% | Test Acc: 73.85% | LR: 0.000034
Epoch  10 | Loss: 0.7981 | Train Acc: 74.22% | Test Acc: 73.87% | LR: 0.000010
------------------------------------------------------------

=== Training Complete ===
Best Test Accuracy: 73.87%
Final Test Accuracy: 73.87%
