Loaded config from: /Users/eoghancollins/Tarskii/gilgamesh/artifacts/current_cap_sweep_10ep/configs/syn_4p5_total_50.json
=== gilgamesh Training ===
Mode:           physics
Learning rate:  0.001
Epochs:         10
Batch size:     128
Timesteps:      10
Hidden size:    12
Beta:           0.9
Seed:           42
Slope:          25

Loading MNIST dataset...
Loaded 60000 training samples, 10000 test samples
Image size: 6x6 = 36 features

Using Physics mode: tau_m=0.0040s, dt=0.0010s, tau_pulse=5.0000e-4s, v_peak=4.42V
Current caps:   enabled (I_syn_max=4.50uA, I_total_max=50.00uA, syn_scale=1.500, total_cap_units=11.11)
Network architecture:
  Input:  36
  Hidden: 12 (LIF, physics mode)
  Output: 10 (LIF, physics mode)
  Total parameters: 552

LR schedule:    cosine annealing (0.001000 -> 0.000010)
Grad clipping:  max_norm=1.0
Weight decay:   0.01 (AdamW)
Training...
------------------------------------------------------------
Epoch   1 | Loss: 1.5356 | Train Acc: 47.32% | Test Acc: 75.25% | LR: 0.000976
Epoch   2 | Loss: 0.6573 | Train Acc: 78.49% | Test Acc: 81.37% | LR: 0.000905
Epoch   3 | Loss: 0.5637 | Train Acc: 81.86% | Test Acc: 83.23% | LR: 0.000796
Epoch   4 | Loss: 0.5292 | Train Acc: 82.95% | Test Acc: 84.18% | LR: 0.000658
Epoch   5 | Loss: 0.5111 | Train Acc: 83.60% | Test Acc: 84.60% | LR: 0.000505
Epoch   6 | Loss: 0.4976 | Train Acc: 84.10% | Test Acc: 84.79% | LR: 0.000352
Epoch   7 | Loss: 0.4919 | Train Acc: 84.26% | Test Acc: 84.95% | LR: 0.000214
Epoch   8 | Loss: 0.4880 | Train Acc: 84.36% | Test Acc: 84.64% | LR: 0.000105
Epoch   9 | Loss: 0.4854 | Train Acc: 84.46% | Test Acc: 85.04% | LR: 0.000034
Epoch  10 | Loss: 0.4848 | Train Acc: 84.42% | Test Acc: 84.89% | LR: 0.000010
------------------------------------------------------------

=== Training Complete ===
Best Test Accuracy: 85.04%
Final Test Accuracy: 84.89%
