Loaded config from: /Users/eoghancollins/Tarskii/gilgamesh/artifacts/current_cap_sweep_10ep/configs/syn_4p5_total_75.json
=== gilgamesh Training ===
Mode:           physics
Learning rate:  0.001
Epochs:         10
Batch size:     128
Timesteps:      10
Hidden size:    12
Beta:           0.9
Seed:           42
Slope:          25

Loading MNIST dataset...
Loaded 60000 training samples, 10000 test samples
Image size: 6x6 = 36 features

Using Physics mode: tau_m=0.0040s, dt=0.0010s, tau_pulse=5.0000e-4s, v_peak=4.42V
Current caps:   enabled (I_syn_max=4.50uA, I_total_max=75.00uA, syn_scale=1.500, total_cap_units=16.67)
Network architecture:
  Input:  36
  Hidden: 12 (LIF, physics mode)
  Output: 10 (LIF, physics mode)
  Total parameters: 552

LR schedule:    cosine annealing (0.001000 -> 0.000010)
Grad clipping:  max_norm=1.0
Weight decay:   0.01 (AdamW)
Training...
------------------------------------------------------------
Epoch   1 | Loss: 1.5212 | Train Acc: 47.69% | Test Acc: 75.63% | LR: 0.000976
Epoch   2 | Loss: 0.6465 | Train Acc: 79.00% | Test Acc: 81.69% | LR: 0.000905
Epoch   3 | Loss: 0.5622 | Train Acc: 81.82% | Test Acc: 83.53% | LR: 0.000796
Epoch   4 | Loss: 0.5313 | Train Acc: 83.00% | Test Acc: 83.92% | LR: 0.000658
Epoch   5 | Loss: 0.5122 | Train Acc: 83.49% | Test Acc: 84.16% | LR: 0.000505
Epoch   6 | Loss: 0.5001 | Train Acc: 83.89% | Test Acc: 84.60% | LR: 0.000352
Epoch   7 | Loss: 0.4915 | Train Acc: 84.11% | Test Acc: 84.75% | LR: 0.000214
Epoch   8 | Loss: 0.4881 | Train Acc: 84.28% | Test Acc: 84.72% | LR: 0.000105
Epoch   9 | Loss: 0.4849 | Train Acc: 84.41% | Test Acc: 84.77% | LR: 0.000034
Epoch  10 | Loss: 0.4841 | Train Acc: 84.41% | Test Acc: 84.85% | LR: 0.000010
------------------------------------------------------------

=== Training Complete ===
Best Test Accuracy: 84.85%
Final Test Accuracy: 84.85%
