Loaded config from: /Users/eoghancollins/Tarskii/gilgamesh/artifacts/current_cap_sweep_10ep/configs/syn_6p0_total_100.json
=== gilgamesh Training ===
Mode:           physics
Learning rate:  0.001
Epochs:         10
Batch size:     128
Timesteps:      10
Hidden size:    12
Beta:           0.9
Seed:           42
Slope:          25

Loading MNIST dataset...
Loaded 60000 training samples, 10000 test samples
Image size: 6x6 = 36 features

Using Physics mode: tau_m=0.0040s, dt=0.0010s, tau_pulse=5.0000e-4s, v_peak=4.42V
Current caps:   enabled (I_syn_max=6.00uA, I_total_max=100.00uA, syn_scale=2.000, total_cap_units=16.67)
Network architecture:
  Input:  36
  Hidden: 12 (LIF, physics mode)
  Output: 10 (LIF, physics mode)
  Total parameters: 552

LR schedule:    cosine annealing (0.001000 -> 0.000010)
Grad clipping:  max_norm=1.0
Weight decay:   0.01 (AdamW)
Training...
------------------------------------------------------------
Epoch   1 | Loss: 1.4231 | Train Acc: 51.08% | Test Acc: 78.55% | LR: 0.000976
Epoch   2 | Loss: 0.5957 | Train Acc: 80.46% | Test Acc: 82.37% | LR: 0.000905
Epoch   3 | Loss: 0.5285 | Train Acc: 82.93% | Test Acc: 84.13% | LR: 0.000796
Epoch   4 | Loss: 0.5041 | Train Acc: 83.88% | Test Acc: 84.70% | LR: 0.000658
Epoch   5 | Loss: 0.4873 | Train Acc: 84.30% | Test Acc: 84.82% | LR: 0.000505
Epoch   6 | Loss: 0.4766 | Train Acc: 84.70% | Test Acc: 85.28% | LR: 0.000352
Epoch   7 | Loss: 0.4709 | Train Acc: 85.00% | Test Acc: 85.61% | LR: 0.000214
Epoch   8 | Loss: 0.4692 | Train Acc: 84.99% | Test Acc: 85.58% | LR: 0.000105
Epoch   9 | Loss: 0.4670 | Train Acc: 85.16% | Test Acc: 85.47% | LR: 0.000034
Epoch  10 | Loss: 0.4665 | Train Acc: 85.13% | Test Acc: 85.51% | LR: 0.000010
------------------------------------------------------------

=== Training Complete ===
Best Test Accuracy: 85.61%
Final Test Accuracy: 85.51%
