Loaded config from: /Users/eoghancollins/Tarskii/gilgamesh/artifacts/current_cap_sweep_10ep/configs/syn_2p0_total_50.json
=== gilgamesh Training ===
Mode:           physics
Learning rate:  0.001
Epochs:         10
Batch size:     128
Timesteps:      10
Hidden size:    12
Beta:           0.9
Seed:           42
Slope:          25

Loading MNIST dataset...
Loaded 60000 training samples, 10000 test samples
Image size: 6x6 = 36 features

Using Physics mode: tau_m=0.0040s, dt=0.0010s, tau_pulse=5.0000e-4s, v_peak=4.42V
Current caps:   enabled (I_syn_max=2.00uA, I_total_max=50.00uA, syn_scale=0.667, total_cap_units=25.00)
Network architecture:
  Input:  36
  Hidden: 12 (LIF, physics mode)
  Output: 10 (LIF, physics mode)
  Total parameters: 552

LR schedule:    cosine annealing (0.001000 -> 0.000010)
Grad clipping:  max_norm=1.0
Weight decay:   0.01 (AdamW)
Training...
------------------------------------------------------------
Epoch   1 | Loss: 2.0963 | Train Acc: 23.86% | Test Acc: 50.82% | LR: 0.000976
Epoch   2 | Loss: 1.0949 | Train Acc: 63.94% | Test Acc: 72.55% | LR: 0.000905
Epoch   3 | Loss: 0.7739 | Train Acc: 74.75% | Test Acc: 76.92% | LR: 0.000796
Epoch   4 | Loss: 0.6848 | Train Acc: 77.53% | Test Acc: 79.34% | LR: 0.000658
Epoch   5 | Loss: 0.6429 | Train Acc: 79.14% | Test Acc: 80.47% | LR: 0.000505
Epoch   6 | Loss: 0.6192 | Train Acc: 80.17% | Test Acc: 81.02% | LR: 0.000352
Epoch   7 | Loss: 0.6072 | Train Acc: 80.65% | Test Acc: 81.17% | LR: 0.000214
Epoch   8 | Loss: 0.5991 | Train Acc: 80.87% | Test Acc: 81.43% | LR: 0.000105
Epoch   9 | Loss: 0.5965 | Train Acc: 80.99% | Test Acc: 81.56% | LR: 0.000034
Epoch  10 | Loss: 0.5961 | Train Acc: 81.00% | Test Acc: 81.52% | LR: 0.000010
------------------------------------------------------------

=== Training Complete ===
Best Test Accuracy: 81.56%
Final Test Accuracy: 81.52%
