Loaded config from: /Users/eoghancollins/Tarskii/gilgamesh/artifacts/current_cap_sweep_10ep/configs/syn_3p0_total_50.json
=== gilgamesh Training ===
Mode:           physics
Learning rate:  0.001
Epochs:         10
Batch size:     128
Timesteps:      10
Hidden size:    12
Beta:           0.9
Seed:           42
Slope:          25

Loading MNIST dataset...
Loaded 60000 training samples, 10000 test samples
Image size: 6x6 = 36 features

Using Physics mode: tau_m=0.0040s, dt=0.0010s, tau_pulse=5.0000e-4s, v_peak=4.42V
Current caps:   enabled (I_syn_max=3.00uA, I_total_max=50.00uA, syn_scale=1.000, total_cap_units=16.67)
Network architecture:
  Input:  36
  Hidden: 12 (LIF, physics mode)
  Output: 10 (LIF, physics mode)
  Total parameters: 552

LR schedule:    cosine annealing (0.001000 -> 0.000010)
Grad clipping:  max_norm=1.0
Weight decay:   0.01 (AdamW)
Training...
------------------------------------------------------------
Epoch   1 | Loss: 1.8028 | Train Acc: 37.17% | Test Acc: 66.83% | LR: 0.000976
Epoch   2 | Loss: 0.8024 | Train Acc: 73.73% | Test Acc: 78.40% | LR: 0.000905
Epoch   3 | Loss: 0.6415 | Train Acc: 79.37% | Test Acc: 81.13% | LR: 0.000796
Epoch   4 | Loss: 0.5889 | Train Acc: 80.90% | Test Acc: 82.09% | LR: 0.000658
Epoch   5 | Loss: 0.5622 | Train Acc: 81.96% | Test Acc: 82.81% | LR: 0.000505
Epoch   6 | Loss: 0.5416 | Train Acc: 82.64% | Test Acc: 83.33% | LR: 0.000352
Epoch   7 | Loss: 0.5300 | Train Acc: 83.15% | Test Acc: 83.55% | LR: 0.000214
Epoch   8 | Loss: 0.5231 | Train Acc: 83.37% | Test Acc: 83.73% | LR: 0.000105
Epoch   9 | Loss: 0.5210 | Train Acc: 83.39% | Test Acc: 83.74% | LR: 0.000034
Epoch  10 | Loss: 0.5201 | Train Acc: 83.50% | Test Acc: 83.70% | LR: 0.000010
------------------------------------------------------------

=== Training Complete ===
Best Test Accuracy: 83.74%
Final Test Accuracy: 83.70%
